// Jest Snapshot v1, https://goo.gl/fbAQLP

exports[`Tests in NavBar Component should show the component succesful 1`] = `
<nav class="navbar bg-primary"><a class="navbar-brand text-white"><img src="" alt="Vue Logo" height="24" class="d-inline-block align-text-top mx-2"> Juan Carlos</a>
  <div class="d-flex"><button class="btn btn-outline-info"><i class="fa-solid fa-right-from-bracket"></i></button></div>
</nav>
`;
